[2026-05-17T00:41:16-03:00] OVERNIGHT_SEQUENCE_START confirmed=CONFIRMAR_INFRA
[2026-05-17T00:41:16-03:00] policy=no_posting no_credentials no_service_restart use_current_llama_server_via_tunnel
[2026-05-17T00:41:16-03:00] WAIT_DEPTH_START path=/home/aya/implante/tmp/longctx-evidence-zone-depth-2026-05-17
[depth_progress] {   "at": "2026-05-17T03:41:15.002Z",   "idx": 1290,   "total": 3840,   "ok": 1291,   "fail": 0,   "elapsed_min": 41.184083333333334 }
[2026-05-17T00:41:16-03:00] gpu_temp=73C
[depth_progress] {   "at": "2026-05-17T03:46:04.470Z",   "idx": 1440,   "total": 3840,   "ok": 1441,   "fail": 0,   "elapsed_min": 46.00855 }
[2026-05-17T00:46:16-03:00] gpu_temp=68C
[depth_progress] {   "at": "2026-05-17T03:51:07.367Z",   "idx": 1590,   "total": 3840,   "ok": 1591,   "fail": 0,   "elapsed_min": 51.05683333333333 }
[2026-05-17T00:51:17-03:00] gpu_temp=74C
[depth_progress] {   "at": "2026-05-17T03:56:12.683Z",   "idx": 1740,   "total": 3840,   "ok": 1741,   "fail": 0,   "elapsed_min": 56.14545 }
[2026-05-17T00:56:17-03:00] gpu_temp=68C
[depth_progress] {   "at": "2026-05-17T04:01:15.105Z",   "idx": 1890,   "total": 3840,   "ok": 1891,   "fail": 0,   "elapsed_min": 61.1858 }
[2026-05-17T01:01:17-03:00] gpu_temp=72C
[depth_progress] {   "at": "2026-05-17T04:06:01.959Z",   "idx": 2030,   "total": 3840,   "ok": 2031,   "fail": 0,   "elapsed_min": 65.9667 }
[2026-05-17T01:06:17-03:00] gpu_temp=75C
[depth_progress] {   "at": "2026-05-17T04:11:07.470Z",   "idx": 2170,   "total": 3840,   "ok": 2171,   "fail": 0,   "elapsed_min": 71.05855 }
[2026-05-17T01:11:18-03:00] gpu_temp=66C
[depth_progress] {   "at": "2026-05-17T04:16:12.430Z",   "idx": 2310,   "total": 3840,   "ok": 2311,   "fail": 0,   "elapsed_min": 76.14121666666666 }
[2026-05-17T01:16:18-03:00] gpu_temp=74C
[depth_progress] {   "at": "2026-05-17T04:21:04.102Z",   "idx": 2440,   "total": 3840,   "ok": 2441,   "fail": 0,   "elapsed_min": 81.00241666666666 }
[2026-05-17T01:21:18-03:00] gpu_temp=68C
[depth_progress] {   "at": "2026-05-17T04:25:59.207Z",   "idx": 2570,   "total": 3840,   "ok": 2571,   "fail": 0,   "elapsed_min": 85.92083333333333 }
[2026-05-17T01:26:19-03:00] gpu_temp=74C
[depth_progress] {   "at": "2026-05-17T04:31:11.310Z",   "idx": 2700,   "total": 3840,   "ok": 2701,   "fail": 0,   "elapsed_min": 91.12255 }
[2026-05-17T01:31:19-03:00] gpu_temp=74C
[depth_progress] {   "at": "2026-05-17T04:36:12.370Z",   "idx": 2820,   "total": 3840,   "ok": 2821,   "fail": 0,   "elapsed_min": 96.14021666666666 }
[2026-05-17T01:36:19-03:00] gpu_temp=74C
[depth_progress] {   "at": "2026-05-17T04:41:05.831Z",   "idx": 2930,   "total": 3840,   "ok": 2931,   "fail": 0,   "elapsed_min": 101.03123333333333 }
[2026-05-17T01:41:19-03:00] gpu_temp=68C
[depth_progress] {   "at": "2026-05-17T04:45:56.937Z",   "idx": 3040,   "total": 3840,   "ok": 3041,   "fail": 0,   "elapsed_min": 105.883 }
[2026-05-17T01:46:20-03:00] gpu_temp=75C
[depth_progress] {   "at": "2026-05-17T04:51:18.923Z",   "idx": 3160,   "total": 3840,   "ok": 3161,   "fail": 0,   "elapsed_min": 111.24943333333333 }
[2026-05-17T01:51:20-03:00] gpu_temp=74C
[depth_progress] {   "at": "2026-05-17T04:55:52.888Z",   "idx": 3260,   "total": 3840,   "ok": 3261,   "fail": 0,   "elapsed_min": 115.81551666666667 }
[2026-05-17T01:56:20-03:00] gpu_temp=75C
[depth_progress] {   "at": "2026-05-17T05:01:04.120Z",   "idx": 3370,   "total": 3840,   "ok": 3371,   "fail": 0,   "elapsed_min": 121.00271666666667 }
[2026-05-17T02:01:20-03:00] gpu_temp=73C
[depth_progress] {   "at": "2026-05-17T05:06:14.486Z",   "idx": 3480,   "total": 3840,   "ok": 3481,   "fail": 0,   "elapsed_min": 126.17548333333333 }
[2026-05-17T02:06:21-03:00] gpu_temp=69C
[depth_progress] {   "at": "2026-05-17T05:11:02.487Z",   "idx": 3580,   "total": 3840,   "ok": 3581,   "fail": 0,   "elapsed_min": 130.9755 }
[2026-05-17T02:11:21-03:00] gpu_temp=75C
[depth_progress] {   "at": "2026-05-17T05:16:17.666Z",   "idx": 3690,   "total": 3840,   "ok": 3691,   "fail": 0,   "elapsed_min": 136.22848333333334 }
[2026-05-17T02:16:21-03:00] gpu_temp=74C
[depth_progress] {   "at": "2026-05-17T05:21:01.541Z",   "idx": 3790,   "total": 3840,   "ok": 3791,   "fail": 0,   "elapsed_min": 140.95973333333333 }
[2026-05-17T02:21:22-03:00] gpu_temp=74C
[2026-05-17T02:26:22-03:00] WAIT_DEPTH_DONE
{"runs":3840,"errors":0,"error_rate":0,"hits":3022}
[2026-05-17T02:26:22-03:00] prompt-scaffold-sweep_START port=11438 repeats=12 budget=150
[2026-05-17T02:26:22-03:00] gpu_temp=39C
[2026-05-17T02:26:23-03:00] prompt-scaffold-sweep_upstream_ready after=2s
{"runs":3456,"errors":0,"error_rate":0,"hits":2532}
[2026-05-17T04:35:22-03:00] prompt-scaffold-sweep_DONE
[2026-05-17T04:35:22-03:00] gpu_temp=68C
[2026-05-17T04:35:22-03:00] distractor-taxonomy-sweep_START port=11439 repeats=12 budget=150
[2026-05-17T04:35:22-03:00] gpu_temp=62C
[2026-05-17T04:35:23-03:00] distractor-taxonomy-sweep_upstream_ready after=2s
{"runs":2880,"errors":0,"error_rate":0,"hits":1605}
[2026-05-17T05:50:56-03:00] distractor-taxonomy-sweep_DONE
[2026-05-17T05:50:57-03:00] gpu_temp=67C
[2026-05-17T05:50:57-03:00] OVERNIGHT_SEQUENCE_DONE
