{
  "out_dir": "bench/realrag-path-construction-v1-2026-05-30/answer-quality-offset500-n100-config0",
  "total": 100,
  "retrieval": {
    "support_title_recall": 0.7241666666666667,
    "full_support_recall": 0.4,
    "answer_string_present_rate": 0.79
  },
  "macro": {
    "bge_ref": {
      "em": 0.0,
      "contains": 0.0,
      "f1": 0.0
    },
    "entity_hop_path_prompt": {
      "em": 0.27,
      "contains": 0.33,
      "f1": 0.3763975468975469
    },
    "entity_hop_strong": {
      "em": 0.21,
      "contains": 0.31,
      "f1": 0.3180229437229437
    }
  }
}
EPKV_ENTITY_HOP_RETRIEVAL_DONE
