{
  "out_dir": "bench/realrag-path-construction-v1-2026-05-30/answer-quality-offset1500-n100-config0",
  "total": 100,
  "retrieval": {
    "support_title_recall": 0.6741666666666667,
    "full_support_recall": 0.38,
    "answer_string_present_rate": 0.76
  },
  "macro": {
    "bge_ref": {
      "em": 0.0,
      "contains": 0.0,
      "f1": 0.0
    },
    "entity_hop_path_prompt": {
      "em": 0.18,
      "contains": 0.26,
      "f1": 0.288015873015873
    },
    "entity_hop_strong": {
      "em": 0.13,
      "contains": 0.24,
      "f1": 0.24836652236652237
    }
  }
}
EPKV_ENTITY_HOP_RETRIEVAL_DONE
