{
  "out_dir": "bench/realrag-path-construction-v1-2026-05-30/answer-quality-offset1500-n100-current",
  "total": 100,
  "retrieval": {
    "support_title_recall": 0.52,
    "full_support_recall": 0.23,
    "answer_string_present_rate": 0.57
  },
  "macro": {
    "bge_ref": {
      "em": 0.0,
      "contains": 0.0,
      "f1": 0.0
    },
    "entity_hop_path_prompt": {
      "em": 0.14,
      "contains": 0.2,
      "f1": 0.24802380952380954
    },
    "entity_hop_strong": {
      "em": 0.14,
      "contains": 0.22,
      "f1": 0.2541846282372598
    }
  }
}
EPKV_ENTITY_HOP_RETRIEVAL_DONE
