{
  "out_dir": "bench/realrag-path-construction-v1-2026-05-30/narrow-guards-offset1500-n100",
  "total": 100,
  "retrieval": {
    "support_title_recall": 0.6708333333333333,
    "full_support_recall": 0.38,
    "answer_string_present_rate": 0.74
  },
  "macro": {
    "bge_ref": {
      "em": 0.0,
      "contains": 0.0,
      "f1": 0.0
    },
    "entity_hop_path_guard_answer_granularity": {
      "em": 0.1,
      "contains": 0.16,
      "f1": 0.17266666666666666
    },
    "entity_hop_path_guard_attribute_owner": {
      "em": 0.13,
      "contains": 0.21,
      "f1": 0.22080158730158728
    },
    "entity_hop_path_guard_generic_title": {
      "em": 0.1,
      "contains": 0.17,
      "f1": 0.1858015873015873
    },
    "entity_hop_path_guard_relation_depth": {
      "em": 0.13,
      "contains": 0.19,
      "f1": 0.21219047619047618
    },
    "entity_hop_path_prompt": {
      "em": 0.15,
      "contains": 0.25,
      "f1": 0.27706349206349207
    },
    "entity_hop_strong": {
      "em": 0.12,
      "contains": 0.23,
      "f1": 0.24452820688083846
    }
  }
}
EPKV_ENTITY_HOP_RETRIEVAL_DONE
