{"config_id": 0, "bm25_first": 8, "seed_top": 0, "second_per_mention": 0, "max_seed_expansions": 4, "max_doc_mentions": 3, "pool_limit": 80, "support_title_recall": 0.69, "full_support_recall": 0.42, "answer_string_present_rate": 0.73, "avg_pool_size": 15.06, "avg_edge_count": 9.08, "full_support_and_answer": 0.42}
{"config_id": 1, "bm25_first": 8, "seed_top": 0, "second_per_mention": 0, "max_seed_expansions": 4, "max_doc_mentions": 6, "pool_limit": 80, "support_title_recall": 0.61, "full_support_recall": 0.34, "answer_string_present_rate": 0.66, "avg_pool_size": 16.57, "avg_edge_count": 11.05, "full_support_and_answer": 0.34}
{"config_id": 2, "bm25_first": 8, "seed_top": 2, "second_per_mention": 0, "max_seed_expansions": 4, "max_doc_mentions": 3, "pool_limit": 80, "support_title_recall": 0.69, "full_support_recall": 0.42, "answer_string_present_rate": 0.73, "avg_pool_size": 15.12, "avg_edge_count": 9.08, "full_support_and_answer": 0.42}
{"config_id": 3, "bm25_first": 8, "seed_top": 2, "second_per_mention": 0, "max_seed_expansions": 4, "max_doc_mentions": 6, "pool_limit": 80, "support_title_recall": 0.61, "full_support_recall": 0.34, "answer_string_present_rate": 0.66, "avg_pool_size": 16.63, "avg_edge_count": 11.05, "full_support_and_answer": 0.34}
{"config_id": 4, "bm25_first": 12, "seed_top": 0, "second_per_mention": 0, "max_seed_expansions": 4, "max_doc_mentions": 3, "pool_limit": 80, "support_title_recall": 0.5491666666666667, "full_support_recall": 0.26, "answer_string_present_rate": 0.62, "avg_pool_size": 22.57, "avg_edge_count": 13.66, "full_support_and_answer": 0.26}
{"config_id": 5, "bm25_first": 12, "seed_top": 0, "second_per_mention": 0, "max_seed_expansions": 4, "max_doc_mentions": 6, "pool_limit": 80, "support_title_recall": 0.4975, "full_support_recall": 0.22, "answer_string_present_rate": 0.55, "avg_pool_size": 24.78, "avg_edge_count": 16.75, "full_support_and_answer": 0.22}
{"config_id": 6, "bm25_first": 12, "seed_top": 2, "second_per_mention": 0, "max_seed_expansions": 4, "max_doc_mentions": 3, "pool_limit": 80, "support_title_recall": 0.5491666666666667, "full_support_recall": 0.26, "answer_string_present_rate": 0.62, "avg_pool_size": 22.6, "avg_edge_count": 13.66, "full_support_and_answer": 0.26}
{"config_id": 7, "bm25_first": 12, "seed_top": 2, "second_per_mention": 0, "max_seed_expansions": 4, "max_doc_mentions": 6, "pool_limit": 80, "support_title_recall": 0.4975, "full_support_recall": 0.22, "answer_string_present_rate": 0.55, "avg_pool_size": 24.81, "avg_edge_count": 16.75, "full_support_and_answer": 0.22}
{"config_id": 8, "bm25_first": 20, "seed_top": 0, "second_per_mention": 0, "max_seed_expansions": 4, "max_doc_mentions": 3, "pool_limit": 80, "support_title_recall": 0.38083333333333336, "full_support_recall": 0.07, "answer_string_present_rate": 0.41, "avg_pool_size": 37.11, "avg_edge_count": 22.41, "full_support_and_answer": 0.07}
{"config_id": 9, "bm25_first": 20, "seed_top": 0, "second_per_mention": 0, "max_seed_expansions": 4, "max_doc_mentions": 6, "pool_limit": 80, "support_title_recall": 0.3516666666666666, "full_support_recall": 0.06, "answer_string_present_rate": 0.38, "avg_pool_size": 40.43, "avg_edge_count": 27.45, "full_support_and_answer": 0.06}
{"config_id": 10, "bm25_first": 20, "seed_top": 2, "second_per_mention": 0, "max_seed_expansions": 4, "max_doc_mentions": 3, "pool_limit": 80, "support_title_recall": 0.38083333333333336, "full_support_recall": 0.07, "answer_string_present_rate": 0.41, "avg_pool_size": 37.12, "avg_edge_count": 22.41, "full_support_and_answer": 0.07}
{"config_id": 11, "bm25_first": 20, "seed_top": 2, "second_per_mention": 0, "max_seed_expansions": 4, "max_doc_mentions": 6, "pool_limit": 80, "support_title_recall": 0.3516666666666666, "full_support_recall": 0.06, "answer_string_present_rate": 0.38, "avg_pool_size": 40.44, "avg_edge_count": 27.45, "full_support_and_answer": 0.06}
{
  "out_dir": "bench/realrag-path-construction-v1-2026-05-30/retrieval-grid-offset0-n100",
  "best": {
    "config_id": 0,
    "config": {
      "bm25_first": 8,
      "seed_top": 0,
      "second_per_mention": 0,
      "max_seed_expansions": 4,
      "max_doc_mentions": 3,
      "pool_limit": 80
    },
    "metrics": {
      "support_title_recall": 0.69,
      "full_support_recall": 0.42,
      "answer_string_present_rate": 0.73,
      "avg_pool_size": 15.06,
      "avg_edge_count": 9.08,
      "full_support_and_answer": 0.42
    }
  }
}
EPKV_ENTITY_HOP_GRID_DONE
