{"config_id": 0, "bm25_first": 8, "seed_top": 0, "second_per_mention": 0, "max_seed_expansions": 4, "max_doc_mentions": 3, "pool_limit": 80, "support_title_recall": 0.7125, "full_support_recall": 0.39, "answer_string_present_rate": 0.76, "avg_pool_size": 14.97, "avg_edge_count": 8.69, "full_support_and_answer": 0.39}
{"config_id": 1, "bm25_first": 8, "seed_top": 0, "second_per_mention": 0, "max_seed_expansions": 4, "max_doc_mentions": 6, "pool_limit": 80, "support_title_recall": 0.685, "full_support_recall": 0.36, "answer_string_present_rate": 0.77, "avg_pool_size": 16.37, "avg_edge_count": 10.54, "full_support_and_answer": 0.36}
{"config_id": 2, "bm25_first": 8, "seed_top": 2, "second_per_mention": 0, "max_seed_expansions": 4, "max_doc_mentions": 3, "pool_limit": 80, "support_title_recall": 0.7125, "full_support_recall": 0.39, "answer_string_present_rate": 0.76, "avg_pool_size": 15.09, "avg_edge_count": 8.69, "full_support_and_answer": 0.39}
{"config_id": 3, "bm25_first": 8, "seed_top": 2, "second_per_mention": 0, "max_seed_expansions": 4, "max_doc_mentions": 6, "pool_limit": 80, "support_title_recall": 0.685, "full_support_recall": 0.36, "answer_string_present_rate": 0.77, "avg_pool_size": 16.49, "avg_edge_count": 10.54, "full_support_and_answer": 0.36}
{"config_id": 4, "bm25_first": 12, "seed_top": 0, "second_per_mention": 0, "max_seed_expansions": 4, "max_doc_mentions": 3, "pool_limit": 80, "support_title_recall": 0.5991666666666666, "full_support_recall": 0.27, "answer_string_present_rate": 0.69, "avg_pool_size": 22.3, "avg_edge_count": 13.14, "full_support_and_answer": 0.27}
{"config_id": 5, "bm25_first": 12, "seed_top": 0, "second_per_mention": 0, "max_seed_expansions": 4, "max_doc_mentions": 6, "pool_limit": 80, "support_title_recall": 0.57, "full_support_recall": 0.25, "answer_string_present_rate": 0.69, "avg_pool_size": 24.41, "avg_edge_count": 16.04, "full_support_and_answer": 0.25}
{"config_id": 6, "bm25_first": 12, "seed_top": 2, "second_per_mention": 0, "max_seed_expansions": 4, "max_doc_mentions": 3, "pool_limit": 80, "support_title_recall": 0.5991666666666666, "full_support_recall": 0.27, "answer_string_present_rate": 0.69, "avg_pool_size": 22.34, "avg_edge_count": 13.14, "full_support_and_answer": 0.27}
{"config_id": 7, "bm25_first": 12, "seed_top": 2, "second_per_mention": 0, "max_seed_expansions": 4, "max_doc_mentions": 6, "pool_limit": 80, "support_title_recall": 0.57, "full_support_recall": 0.25, "answer_string_present_rate": 0.69, "avg_pool_size": 24.45, "avg_edge_count": 16.04, "full_support_and_answer": 0.25}
{"config_id": 8, "bm25_first": 20, "seed_top": 0, "second_per_mention": 0, "max_seed_expansions": 4, "max_doc_mentions": 3, "pool_limit": 80, "support_title_recall": 0.43416666666666665, "full_support_recall": 0.11, "answer_string_present_rate": 0.51, "avg_pool_size": 36.78, "avg_edge_count": 21.61, "full_support_and_answer": 0.11}
{"config_id": 9, "bm25_first": 20, "seed_top": 0, "second_per_mention": 0, "max_seed_expansions": 4, "max_doc_mentions": 6, "pool_limit": 80, "support_title_recall": 0.425, "full_support_recall": 0.11, "answer_string_present_rate": 0.5, "avg_pool_size": 40.12, "avg_edge_count": 26.46, "full_support_and_answer": 0.11}
{"config_id": 10, "bm25_first": 20, "seed_top": 2, "second_per_mention": 0, "max_seed_expansions": 4, "max_doc_mentions": 3, "pool_limit": 80, "support_title_recall": 0.43416666666666665, "full_support_recall": 0.11, "answer_string_present_rate": 0.51, "avg_pool_size": 36.82, "avg_edge_count": 21.61, "full_support_and_answer": 0.11}
{"config_id": 11, "bm25_first": 20, "seed_top": 2, "second_per_mention": 0, "max_seed_expansions": 4, "max_doc_mentions": 6, "pool_limit": 80, "support_title_recall": 0.425, "full_support_recall": 0.11, "answer_string_present_rate": 0.5, "avg_pool_size": 40.16, "avg_edge_count": 26.46, "full_support_and_answer": 0.11}
{
  "out_dir": "bench/realrag-path-construction-v1-2026-05-30/retrieval-grid-offset500-n100",
  "best": {
    "config_id": 0,
    "config": {
      "bm25_first": 8,
      "seed_top": 0,
      "second_per_mention": 0,
      "max_seed_expansions": 4,
      "max_doc_mentions": 3,
      "pool_limit": 80
    },
    "metrics": {
      "support_title_recall": 0.7125,
      "full_support_recall": 0.39,
      "answer_string_present_rate": 0.76,
      "avg_pool_size": 14.97,
      "avg_edge_count": 8.69,
      "full_support_and_answer": 0.39
    }
  }
}
EPKV_ENTITY_HOP_GRID_DONE
