{"config_id": 0, "bm25_first": 8, "seed_top": 0, "second_per_mention": 0, "max_seed_expansions": 4, "max_doc_mentions": 3, "pool_limit": 80, "support_title_recall": 0.6725, "full_support_recall": 0.38, "answer_string_present_rate": 0.7, "avg_pool_size": 15.15, "avg_edge_count": 8.62, "full_support_and_answer": 0.38}
{"config_id": 1, "bm25_first": 8, "seed_top": 0, "second_per_mention": 0, "max_seed_expansions": 4, "max_doc_mentions": 6, "pool_limit": 80, "support_title_recall": 0.6275, "full_support_recall": 0.34, "answer_string_present_rate": 0.68, "avg_pool_size": 16.4, "avg_edge_count": 10.24, "full_support_and_answer": 0.34}
{"config_id": 2, "bm25_first": 8, "seed_top": 2, "second_per_mention": 0, "max_seed_expansions": 4, "max_doc_mentions": 3, "pool_limit": 80, "support_title_recall": 0.6725, "full_support_recall": 0.38, "answer_string_present_rate": 0.69, "avg_pool_size": 15.31, "avg_edge_count": 8.62, "full_support_and_answer": 0.38}
{"config_id": 3, "bm25_first": 8, "seed_top": 2, "second_per_mention": 0, "max_seed_expansions": 4, "max_doc_mentions": 6, "pool_limit": 80, "support_title_recall": 0.6275, "full_support_recall": 0.34, "answer_string_present_rate": 0.67, "avg_pool_size": 16.55, "avg_edge_count": 10.24, "full_support_and_answer": 0.34}
{"config_id": 4, "bm25_first": 12, "seed_top": 0, "second_per_mention": 0, "max_seed_expansions": 4, "max_doc_mentions": 3, "pool_limit": 80, "support_title_recall": 0.5808333333333333, "full_support_recall": 0.28, "answer_string_present_rate": 0.65, "avg_pool_size": 22.94, "avg_edge_count": 13.21, "full_support_and_answer": 0.28}
{"config_id": 5, "bm25_first": 12, "seed_top": 0, "second_per_mention": 0, "max_seed_expansions": 4, "max_doc_mentions": 6, "pool_limit": 80, "support_title_recall": 0.5425, "full_support_recall": 0.24, "answer_string_present_rate": 0.6, "avg_pool_size": 24.88, "avg_edge_count": 16.02, "full_support_and_answer": 0.24}
{"config_id": 6, "bm25_first": 12, "seed_top": 2, "second_per_mention": 0, "max_seed_expansions": 4, "max_doc_mentions": 3, "pool_limit": 80, "support_title_recall": 0.5808333333333333, "full_support_recall": 0.28, "answer_string_present_rate": 0.65, "avg_pool_size": 23.03, "avg_edge_count": 13.21, "full_support_and_answer": 0.28}
{"config_id": 7, "bm25_first": 12, "seed_top": 2, "second_per_mention": 0, "max_seed_expansions": 4, "max_doc_mentions": 6, "pool_limit": 80, "support_title_recall": 0.5425, "full_support_recall": 0.24, "answer_string_present_rate": 0.6, "avg_pool_size": 24.96, "avg_edge_count": 16.02, "full_support_and_answer": 0.24}
{"config_id": 8, "bm25_first": 20, "seed_top": 0, "second_per_mention": 0, "max_seed_expansions": 4, "max_doc_mentions": 3, "pool_limit": 80, "support_title_recall": 0.4525, "full_support_recall": 0.14, "answer_string_present_rate": 0.47, "avg_pool_size": 37.73, "avg_edge_count": 21.67, "full_support_and_answer": 0.14}
{"config_id": 9, "bm25_first": 20, "seed_top": 0, "second_per_mention": 0, "max_seed_expansions": 4, "max_doc_mentions": 6, "pool_limit": 80, "support_title_recall": 0.43416666666666665, "full_support_recall": 0.11, "answer_string_present_rate": 0.42, "avg_pool_size": 40.75, "avg_edge_count": 26.2, "full_support_and_answer": 0.11}
{"config_id": 10, "bm25_first": 20, "seed_top": 2, "second_per_mention": 0, "max_seed_expansions": 4, "max_doc_mentions": 3, "pool_limit": 80, "support_title_recall": 0.4525, "full_support_recall": 0.14, "answer_string_present_rate": 0.47, "avg_pool_size": 37.8, "avg_edge_count": 21.67, "full_support_and_answer": 0.14}
{"config_id": 11, "bm25_first": 20, "seed_top": 2, "second_per_mention": 0, "max_seed_expansions": 4, "max_doc_mentions": 6, "pool_limit": 80, "support_title_recall": 0.43416666666666665, "full_support_recall": 0.11, "answer_string_present_rate": 0.42, "avg_pool_size": 40.81, "avg_edge_count": 26.2, "full_support_and_answer": 0.11}
{
  "out_dir": "bench/realrag-path-construction-v1-2026-05-30/retrieval-grid-offset1000-n100",
  "best": {
    "config_id": 0,
    "config": {
      "bm25_first": 8,
      "seed_top": 0,
      "second_per_mention": 0,
      "max_seed_expansions": 4,
      "max_doc_mentions": 3,
      "pool_limit": 80
    },
    "metrics": {
      "support_title_recall": 0.6725,
      "full_support_recall": 0.38,
      "answer_string_present_rate": 0.7,
      "avg_pool_size": 15.15,
      "avg_edge_count": 8.62,
      "full_support_and_answer": 0.38
    }
  }
}
EPKV_ENTITY_HOP_GRID_DONE
