ts=2026-05-21T23:34:36-03:00
git_head=1b912e58197380472f2f3827170927c5e0acc751
git_status_begin<<EOF
 M README.md
 M bench-public/README.md
 M bench-public/evidence-utilization/README.md
 M bench-public/evidence-utilization/REALRAG-R4B-HUMAN-CALIBRATION-BATCH.md
?? 07-scripts/evidence-utilization/build-realrag-r4b-v2-deduped.mjs
?? 07-scripts/evidence-utilization/build-realrag-r4c-calibration-readiness.mjs
?? 07-scripts/evidence-utilization/create-realrag-r4b-google-sheet.mjs
?? 07-scripts/evidence-utilization/run-realrag-2wiki-r6-relation-aware-construction.mjs
?? 07-scripts/evidence-utilization/run-realrag-2wiki-r7-generated-triples.mjs
?? 07-scripts/evidence-utilization/run-realrag-2wiki-r8-slot-filling.mjs
?? bench-public/evidence-utilization/REALRAG-2WIKI-R6-RELATION-AWARE-CONSTRUCTION.md
?? bench-public/evidence-utilization/REALRAG-2WIKI-R7-GENERATED-TRIPLES.md
?? bench-public/evidence-utilization/REALRAG-2WIKI-R8-SLOT-FILLING.md
?? bench-public/evidence-utilization/REALRAG-R4B-V2-HUMAN-CALIBRATION-DEDUPED.md
?? bench/epkv-live-probe-v0-2026-05-21/2wiki-live-sweep/events-guard-topk8.jsonl
?? bench/epkv-live-probe-v0-2026-05-21/2wiki-live-sweep/outputs-guard-topk8.jsonl
?? bench/epkv-live-probe-v0-2026-05-21/SPRINT-12H-PLAN.md
?? bench/epkv-live-probe-v0-2026-05-21/sprint-12h/
?? bench/evidence-utilization-realrag-2wiki-r6-relation-aware-construction-2026-05-21/
?? bench/evidence-utilization-realrag-2wiki-r7-generated-triples-2026-05-21/
?? bench/evidence-utilization-realrag-2wiki-r8-slot-filling-2026-05-21/
?? bench/evidence-utilization-realrag-r4b-v2-human-calibration-deduped-2026-05-21/
?? bench/evidence-utilization-realrag-r4c-calibration-readiness-2026-05-21/
EOF
health=
remote_hook=export VLLM_EPKV_RUNTIME_HOOK=0
